 iscf   Eharris(eV)      E_KS(eV)   FreeEng(eV)    dHmax    dDmax   Ef(eV)
    1    -6857.1459    -6803.5679    -6803.5679  0.49498  0.00000  0.84586
    2    -6867.8297    -6813.8203    -6813.8317  0.85403  0.00000 -3.11485
    3    -6838.4859    -6820.0726    -6820.0739  0.36568  0.00000 -1.71778
    4    -6838.3691    -6821.6901    -6821.6920  0.30487  0.00000 -1.60540
    5    -6838.3609    -6837.9361    -6837.9386  0.00691  0.00000 -1.60377
    6    -6838.3607    -6838.0561    -6838.0586  0.00604  0.00000 -1.59977
    7    -6838.3607    -6838.3078    -6838.3103  0.00042  0.00000 -1.59986
    8    -6838.3607    -6838.3194    -6838.3219  0.00034  0.00000 -1.59953
    9    -6838.3606    -6838.3608    -6838.3633  0.00003  0.00000 -1.59963
   10    -6838.3606    -6838.3609    -6838.3634  0.00002  0.00000 -1.59963
   11    -6838.3606    -6838.3609    -6838.3634  0.00001  0.00000 -1.59963
   12    -6838.3606    -6838.3607    -6838.3632  0.00000  0.00000 -1.59963
