

###############################################################################
TCHPC Cluster: parsons
Job 63909 (Au.sh) for User 'drogheta' in Account 'physics'
Finished at: Wed Jul 13 08:21:53 IST 2016

Job completion status:
======================

       JobID    JobName AllocCPUS NTasks NNodes     MaxRSS    MaxRSSNode  MaxDiskRead MaxDiskWrite    Elapsed      State ExitCode 
------------ ---------- --------- ------ ------ ---------- ------------- ------------ ------------ ---------- ---------- -------- 
63909             Au.sh        32             4                                                      00:26:13  COMPLETED      0:0 
63909.batch       batch         8      1      1   1237416K  parsons-n001        0.01M        0.00M   00:26:13  COMPLETED      0:0 
63909.0           orted         3      3      3   1228392K  parsons-n004        0.20M        0.24M   00:26:12  COMPLETED      0:0 


Job details:
============

JobId=63909 JobName=Au.sh
   UserId=drogheta(1350) GroupId=drogheta(1503)
   Priority=348865 Nice=0 Account=physics QOS=normal
   JobState=COMPLETING Reason=None Dependency=(null)
   Requeue=1 Restarts=0 BatchFlag=1 Reboot=0 ExitCode=0:0
   DerivedExitCode=0:0
   RunTime=00:26:13 TimeLimit=00:30:00 TimeMin=N/A
   SubmitTime=2016-07-13T07:55:34 EligibleTime=2016-07-13T07:55:38
   StartTime=2016-07-13T07:55:39 EndTime=2016-07-13T08:21:52
   PreemptTime=None SuspendTime=None SecsPreSuspend=0
   Partition=debug AllocNode:Sid=parsons01:17796
   ReqNodeList=(null) ExcNodeList=(null)
   NodeList=parsons-n004
   BatchHost=parsons-n001
   NumNodes=1 NumCPUs=8 CPUs/Task=1 ReqB:S:C:T=0:0:*:*
   TRES=cpu=32,mem=60000,node=4
   Socks/Node=* NtasksPerN:B:S:C=0:0:*:* CoreSpec=*
     Nodes=parsons-n[001-004] CPU_IDs=0-7 Mem=15000
   MinCPUsNode=1 MinMemoryNode=15000M MinTmpDiskNode=0
   Features=(null) Gres=(null) Reservation=(null)
   Shared=0 Contiguous=0 Licenses=(null) Network=(null)
   Command=/gscratch/drogheta/for_Ask/Au/scregion/Au.sh
   WorkDir=/gscratch/drogheta/for_Ask/Au/scregion
   StdErr=/gscratch/drogheta/for_Ask/Au/scregion/slurm-63909.out
   StdIn=/dev/null
   StdOut=/gscratch/drogheta/for_Ask/Au/scregion/slurm-63909.out
   Power= SICP=0


Disk quota details:
===================

Quota Type           Name  Filesystem     Usage in MB     Limit in MB    % Used
-------------------------------------------------------------------------------
USER             drogheta       /home          50,559          51,200    98.75%
USER             drogheta   /projects         724,923               0       N/A

GROUP         pi-ssanvito   /projects       5,971,399       6,291,456    94.91%


SLURM Bank Statement:
=====================

User           Usage |        Account     Usage | Account Limit Available (CPU hrs)
---------- --------- + -------------- --------- + ------------- ---------
aakande          160 |        PHYSICS   463,566 |             0       N/A
amaury             0 |        PHYSICS   463,566 |             0       N/A
anais            948 |        PHYSICS   463,566 |             0       N/A
andrassa          37 |        PHYSICS   463,566 |             0       N/A
awadhesh       2,958 |        PHYSICS   463,566 |             0       N/A
baadji         2,327 |        PHYSICS   463,566 |             0       N/A
bansalk            0 |        PHYSICS   463,566 |             0       N/A
barbot             0 |        PHYSICS   463,566 |             0       N/A
bosonie          125 |        PHYSICS   463,566 |             0       N/A
bossel        20,513 |        PHYSICS   463,566 |             0       N/A
cardonas          65 |        PHYSICS   463,566 |             0       N/A
cgarcia        4,292 |        PHYSICS   463,566 |             0       N/A
cmotta             0 |        PHYSICS   463,566 |             0       N/A
cucinotta        536 |        PHYSICS   463,566 |             0       N/A
darach             0 |        PHYSICS   463,566 |             0       N/A
dasc               0 |        PHYSICS   463,566 |             0       N/A
dbennett       1,443 |        PHYSICS   463,566 |             0       N/A
drogheta       7,358 |        PHYSICS   463,566 |             0       N/A
ellism             0 |        PHYSICS   463,566 |             0       N/A
frinaldi           5 |        PHYSICS   463,566 |             0       N/A
galantem       7,723 |        PHYSICS   463,566 |             0       N/A
jacopo        22,403 |        PHYSICS   463,566 |             0       N/A
janelson           0 |        PHYSICS   463,566 |             0       N/A
kaifeng            0 |        PHYSICS   463,566 |             0       N/A
kapildeb           0 |        PHYSICS   463,566 |             0       N/A
kellehco           0 |        PHYSICS   463,566 |             0       N/A
kumaras            0 |        PHYSICS   463,566 |             0       N/A
kunlin             0 |        PHYSICS   463,566 |             0       N/A
llololl            0 |        PHYSICS   463,566 |             0       N/A
longed        16,117 |        PHYSICS   463,566 |             0       N/A
lunghia        1,269 |        PHYSICS   463,566 |             0       N/A
maria        137,357 |        PHYSICS   463,566 |             0       N/A
mohebbir         359 |        PHYSICS   463,566 |             0       N/A
mzic               0 |        PHYSICS   463,566 |             0       N/A
prasongj           0 |        PHYSICS   463,566 |             0       N/A
rajarshi           0 |        PHYSICS   463,566 |             0       N/A
rdong          2,325 |        PHYSICS   463,566 |             0       N/A
roychous          23 |        PHYSICS   463,566 |             0       N/A
runggeri       2,135 |        PHYSICS   463,566 |             0       N/A
sarsari        5,782 |        PHYSICS   463,566 |             0       N/A
shuklag            3 |        PHYSICS   463,566 |             0       N/A
smcgrat            0 |        PHYSICS   463,566 |             0       N/A
snilaoir           0 |        PHYSICS   463,566 |             0       N/A
spellacl           0 |        PHYSICS   463,566 |             0       N/A
ssanvito           0 |        PHYSICS   463,566 |             0       N/A
tom00        227,304 |        PHYSICS   463,566 |             0       N/A


Acknowledgements:
=================

Note that usage of TCHPC Resources *must* be acknowledged in all publications.

Please see this page for details relevant to this cluster:

http://www.tchpc.tcd.ie/resources/acknowledgementpolicy

################################################################################
